--- pass 1: 0 audit findings ---
T14 flat/flat/flat   tier4     4  33.8%  50.0%  15.0%  85.0%  23.6%  -1.419 coin-toss
T14 flat/flat/flat   --     pool=65 emitted=9 abstained=56 {'leaf<floor8': 2, 'gate-fail-r2': 54}   RECONCILES=True
T15 flat/flat/  UP   tier2     2  88.2%  50.0%   9.5%  90.5%  21.8%   4.407 coin-toss
T15 flat/flat/  UP   --     pool=11 emitted=2 abstained=9 {'type-train<floor8': 5, 'degenerate-screen': 1, 'leaf<floor8': 3}   RECONCILES=True
T16 flat/  UP/  DN   n=0 pool months  --
T17 flat/  UP/flat   --     pool=7 emitted=0 abstained=7 {'leaf<floor8': 6, 'degenerate-screen': 1}   RECONCILES=True
T18 flat/  UP/  UP   --     pool=6 emitted=0 abstained=6 {'type-train<floor8': 6}   RECONCILES=True
T19   UP/  DN/  DN   --     pool=4 emitted=0 abstained=4 {'type-train<floor8': 4}   RECONCILES=True
T20   UP/  DN/flat   n=0 pool months  --
T21   UP/  DN/  UP   n=0 pool months  --
T22   UP/flat/  DN   tier2     9  95.0%  55.6%  26.7%  81.1%  30.4%   4.129 coin-toss
T22   UP/flat/  DN   tier3     2  88.9% 100.0%  34.2% 100.0%  21.5%   4.646 coin-toss
T22   UP/flat/  DN   tier4     2  26.7%  50.0%   9.5%  90.5%  25.2%  -5.801 coin-toss
T22   UP/flat/  DN   --     pool=47 emitted=13 abstained=34 {'degenerate-screen': 13, 'leaf<floor8': 1, 'gate-fail-r2': 20}   RECONCILES=True
T23   UP/flat/flat   --     pool=2 emitted=0 abstained=2 {'type-train<floor8': 2}   RECONCILES=True
T24   UP/flat/  UP   n=0 pool months  --
T25   UP/  UP/  DN   tier2     2  93.8%  50.0%   9.5%  90.5%  30.7%  -1.692 coin-toss
T25   UP/  UP/  DN   tier3     1  83.3%   0.0%   0.0%  79.3%  21.7%  -0.602 coin-toss
T25   UP/  UP/  DN   tier4     2  20.0%  50.0%   9.5%  90.5%  35.5%  -0.155 coin-toss
T25   UP/  UP/  DN   --     pool=22 emitted=5 abstained=17 {'type-train<floor8': 4, 'degenerate-screen': 2, 'leaf<floor8': 6, 'gate-fail-r2': 5}   RECONCILES=True
T26   UP/  UP/flat   tier2     1 100.0%   0.0%   0.0%  79.3%  52.5%  -0.274 coin-toss
T26   UP/  UP/flat   --     pool=11 emitted=1 abstained=10 {'type-train<floor8': 1, 'gate-fail-r2': 1, 'leaf<floor8': 6, 'degenerate-screen': 2}   RECONCILES=True
T27   UP/  UP/  UP   --     pool=1 emitted=0 abstained=1 {'type-train<floor8': 1}   RECONCILES=True
UNTYPED (anchor n/a) --     pool=66 emitted=0 abstained=66 {'anchor-leg-missing': 3, 'train<MIN_TRAIN': 63}   RECONCILES=True

[MIRROR TEST — ACTED months only (ACT pulls + cascade emissions), variant B]
   mirror = act on the OPPOSITE signal; a real directional edge beats its mirror & drift.
    acted months n=80   IS(in-fold) acc=76.6%   OOS acc=58.8% (LB 47.8%)
    MIRROR OOS acc (opposite signal) = 41.2%   drift(always-UP) = 51.2%
    flip-composition predB in {+/-base_dir} on all acted months: True
    MIRROR VERDICT: EDGE — OOS beats mirror AND drift [CAVEAT: pull-set membership selected in-sample (full-sample WF>67.5%); per-month routing is walk-forward but acted-months edge is an UPPER BOUND]

[PRODUCTION BOARD — final summary]
    bucket                         types                          months  share%  status
    ACT standing rules (pulled)    T10                                10    2.8%  ACT (standing rules)
    CASCADE split-permitted        T3,T6,T11,T13,T14,T15,T22...       70   19.7%  ACT via in-fold cascade (R2>=20%)
    ABSTAIN gate-fail              T14,T22,T25,T26                    80   22.5%  ABSTAIN — no filter cleared R2>=20%
    ABSTAIN floor                  UNTYPED,T1,T2,T3,T5,T6,T9...      196   55.1%  ABSTAIN — n<8 / degenerate / missing
    partition check: 10 + 70 + 80 + 196 = 356 (decision months=356) -> OK


summary: {'asset': 'NatGas', 'ratio': 'Industrial_Production/TermSpread_p10', 'proposed': True, 'N': 3, 'design': 'first 40% (<2008-11-01)', 'sweep_flat': 'peaked', 'pulled_types': 'T10', 'n_pulled': 1, 'pull_cov_months': 10, 'pull_cov_pct': 3.5, 'pull_blended_acc': 70.0, 'overall_type_wf': 49.8, 'board_ACT': 10, 'board_CASCADE': 70, 'board_GATEFAIL': 80, 'board_FLOOR': 196, 'cascade_OOS_B': 57.1, 'cascade_n': 70, 'cascade_LB_B': np.float64(45.5), 'mirror_acted_n': 80, 'mirror_OOS': 58.8, 'mirror_IS': 76.6, 'mirror_verdict': 'EDGE — OOS beats mirror AND drift [CAVEAT: pull-set membership selected in-sample (full-sample WF>67.5%); per-month routing is walk-forward but acted-months edge is an UPPER BOUND]'}
